// Jest Snapshot v1, https://goo.gl/fbAQLP

exports[`matches enzyme snapshots matches snapshot 1`] = `
<div
  className="sc-bdfBwQ bciwx Box"
>
  Test
</div>
`;

exports[`matches test renderer snapshot serializes the styles 1`] = `
<div
  className="sc-bdfBwQ bciwx Box"
>
  Test
</div>
`;
