// Jest Snapshot v1, https://goo.gl/fbAQLP

exports[`matches enzyme snapshots matches snapshot 1`] = `
<StyledComponent
  forwardedComponent={
    Object {
      "$$typeof": Symbol(react.forward_ref),
      "attrs": Array [],
      "componentStyle": ComponentStyle {
        "componentId": "sc-bdVaJa",
        "isStatic": false,
        "rules": Array [
          "
    margin-top: ",
          [Function],
          ";
    margin-bottom: ",
          [Function],
          ";
    height: ",
          [Function],
          ";
    background-color: ",
          [Function],
          ";
    margin-left: -4px;
    margin-right: -4px;
",
        ],
      },
      "displayName": "styled.hr",
      "foldedComponentIds": Array [],
      "render": [Function],
      "styledComponentId": "sc-bdVaJa",
      "target": "hr",
      "toString": [Function],
      "warnTooManyClasses": [Function],
      "withComponent": [Function],
    }
  }
  forwardedRef={null}
/>
`;

exports[`matches test renderer snapshot serializes the styles 1`] = `
<hr
  className="sc-bdVaJa fKCxyC"
/>
`;
