// Jest Snapshot v1, https://goo.gl/fbAQLP

exports[`matches enzyme snapshots matches snapshot 1`] = `
<styled.span>
  test
</styled.span>
`;

exports[`matches test renderer snapshot serializes the styles 1`] = `
<span
  className="sc-bdfBwQ gEkjil KeyboardKey mr4"
>
  test
</span>
`;
