// Jest Snapshot v1, https://goo.gl/fbAQLP

exports[`matches enzyme snapshots matches snapshot 1`] = `<Loading />`;

exports[`matches enzyme snapshots matches snapshot 2`] = `"children"`;

exports[`matches test renderer snapshot serializes the styles 1`] = `
<div
  className="sc-bwzfXH bEeIVQ"
>
  <div
    className="sc-htpNat dlDikl"
  >
    <i
      className="fa fa-spinner fa-pulse"
    />
  </div>
</div>
`;
