// Jest Snapshot v1, https://goo.gl/fbAQLP

exports[`matches enzyme snapshots matches snapshot 1`] = `
<styled.div
  className=""
>
  <LoadingIcon />
</styled.div>
`;

exports[`matches test renderer snapshot serializes the styles 1`] = `
<div
  className="sc-bwzfXH bEeIVQ"
>
  <div
    className="sc-htpNat dlDikl"
  >
    <i
      className="fa fa-spinner fa-pulse"
    />
  </div>
</div>
`;
