// Jest Snapshot v1, https://goo.gl/fbAQLP

exports[`matches enzyme snapshots matches snapshot 1`] = `
<div
  className="Box-sc-11jncwz-0 UciDk Box"
>
  Test
</div>
`;

exports[`matches test renderer snapshot serializes the styles 1`] = `
<div
  className="Box-sc-11jncwz-0 UciDk Box"
>
  Test
</div>
`;
