// Jest Snapshot v1, https://goo.gl/fbAQLP

exports[`matches enzyme snapshots matches snapshot 1`] = `
<div
  className="Content-sc-13ypr6e-0 Content"
  dangerouslySetInnerHTML={
    Object {
      "__html": "<p>test</p>",
    }
  }
/>
`;

exports[`matches test renderer snapshot serializes the styles 1`] = `
<div
  className="Content-sc-13ypr6e-0 Content"
  dangerouslySetInnerHTML={
    Object {
      "__html": "<p>test</p>",
    }
  }
/>
`;
