// Jest Snapshot v1, https://goo.gl/fbAQLP

exports[`matches enzyme snapshots matches snapshot 1`] = `
<div
  className="DAG"
  id="querybook-DAG-2"
>
  <svg />
</div>
`;
