// Jest Snapshot v1, https://goo.gl/fbAQLP

exports[`matches enzyme snapshots matches snapshot 1`] = `
<FullHeight
  className="ErrorPage"
>
  <Center
    className="flex-column"
  >
    <Title
      className="mb24"
      gap={false}
      size={2}
      subtitle={false}
    >
      Unknown Error
    </Title>
    <Title
      className="ErrorPage-message mb16"
      gap={false}
      size={6}
      subtitle={true}
    >
      Unknown error occured at
      <code
        className="ErrorPage-path ml4"
      >
        /
      </code>
      .
      <span
        className="ml4"
      >
        Click 
        <a
          onClick={[Function]}
        >
          here
        </a>
         to go back.
      </span>
    </Title>
  </Center>
</FullHeight>
`;

exports[`matches enzyme snapshots matches snapshot 2`] = `
<ErrorPage
  errorCode={404}
/>
`;

exports[`matches enzyme snapshots matches snapshot 3`] = `
<ErrorPage
  errorCode={403}
/>
`;
