// Jest Snapshot v1, https://goo.gl/fbAQLP

exports[`matches enzyme snapshots matches snapshot 1`] = `
<div
  className="FormField"
/>
`;

exports[`matches enzyme snapshots matches snapshot 2`] = `
<FormWrapper__StyledFormWrapper
  errorFontSize="var(--small-text-size)"
  fontSize="var(--text-size)"
  sectionFontSize="var(--med-text-size)"
/>
`;
