// Jest Snapshot v1, https://goo.gl/fbAQLP

exports[`matches enzyme snapshots matches snapshot 1`] = `
<span
  className="InfoButtonIcon"
  onMouseEnter={[Function]}
  onMouseLeave={[Function]}
>
  <ForwardRef
    icon="Info"
    noPadding={true}
    size={18}
  />
</span>
`;
