// Jest Snapshot v1, https://goo.gl/fbAQLP

exports[`matches enzyme snapshots matches snapshot 1`] = `
<KeyboardKey__StyledKeyboardKey>
  test
</KeyboardKey__StyledKeyboardKey>
`;

exports[`matches test renderer snapshot serializes the styles 1`] = `
<span
  className="KeyboardKey__StyledKeyboardKey-sc-1o6e5rh-0 howSmK KeyboardKey mr4"
>
  test
</span>
`;
