// Jest Snapshot v1, https://goo.gl/fbAQLP

exports[`matches enzyme snapshots matches snapshot 1`] = `
<span
  className="ShowMoreText"
>
  te
  <span
    className="ShowMoreText-click"
    onClick={[Function]}
  >
    show more
  </span>
</span>
`;
